// Jest Snapshot v1, https://goo.gl/fbAQLP

exports[`renders homepage unchanged 1`] = `
<div>
  <header>
    <nav
      class="flex justify-center fixed w-screen bg-nav border-1 z-50"
    >
      <div
        class="flex height-14 w-2/3 items-center relative min-h-12"
      >
        <a
          class=""
          href="/"
        >
          <svg
            fill="currentColor"
            height="25"
            stroke="currentColor"
            stroke-width="0"
            viewBox="0 0 24 24"
            width="25"
            xmlns="http://www.w3.org/2000/svg"
          >
            <path
              d="M0 0h24v24H0z"
              fill="none"
            />
            <path
              d="M19 3H5c-1.1 0-2 .9-2 2v14c0 1.1.9 2 2 2h14c1.1 0 2-.9 2-2V5c0-1.1-.9-2-2-2zm-5 14H7v-2h7v2zm3-4H7v-2h10v2zm0-4H7V7h10v2z"
            />
          </svg>
        </a>
        <div
          class="hidden md:flex"
        >
          <a
            class="hover:opacity-70 ml-5 "
            href="/"
            style="color: gray;"
          >
            <span>
              Recent Articles
            </span>
          </a>
          <a
            class="hover:opacity-70 ml-5 "
            href="/about"
            style="color: gray;"
          >
            <span>
              About
            </span>
          </a>
        </div>
        <div
          class="absolute right-0"
        >
          <div
            class="flex items-center"
          >
            <a
              class="flex"
              href="/auth"
            >
              <span
                class="text-blue"
              >
                Log in
              </span>
              <span
                style="box-sizing: border-box; display: inline-block; overflow: hidden; background: none; opacity: 1; border: 0px; margin: 0px; padding: 0px; position: relative; max-width: 100%;"
              >
                <span
                  style="box-sizing: border-box; display: block; background: none; opacity: 1; border: 0px; margin: 0px; padding: 0px; max-width: 100%;"
                >
                  <img
                    alt=""
                    aria-hidden="true"
                    src="data:image/svg+xml,%3csvg%20xmlns=%27http://www.w3.org/2000/svg%27%20version=%271.1%27%20width=%2724%27%20height=%2724%27/%3e"
                    style="display: block; max-width: 100%; background: none; opacity: 1; border: 0px; margin: 0px; padding: 0px;"
                  />
                </span>
                <img
                  alt="logo"
                  data-nimg="intrinsic"
                  decoding="async"
                  src="data:image/gif;base64,R0lGODlhAQABAIAAAAAAAP///yH5BAEAAAAALAAAAAABAAEAAAIBRAA7"
                  style="position: absolute; top: 0px; left: 0px; bottom: 0px; right: 0px; box-sizing: border-box; padding: 0px; margin: auto; display: block; width: 0px; height: 0px; min-width: 100%; max-width: 100%; min-height: 100%; max-height: 100%;"
                />
                <noscript />
              </span>
            </a>
          </div>
        </div>
      </div>
    </nav>
  </header>
  <main>
    <div
      class="w-screen sm:w-2/3 mx-auto mt-0 pt-12 h-full px-8 sm:px-4 md:px-2 undefined"
    >
      <h1
        class="pt-20 mb-10 text-center md:text-start"
      >
        Recent articles
      </h1>
      <div
        class="flex items-center"
      >
        <span>
          Loading
        </span>
        <div
          class="go1858758034 ml-2"
        />
      </div>
    </div>
  </main>
</div>
`;
